******************************************************************************
                  TI ARM Linker PC v20.2.7                     
******************************************************************************
>> Linked Mon Sep 11 22:17:03 2023

OUTPUT FILE NAME:   <MegaProject.out>
ENTRY POINT SYMBOL: "_c_int00_noargs"  address: 0000137d


MEMORY CONFIGURATION

         name            origin    length      used     unused   attr    fill
----------------------  --------  ---------  --------  --------  ----  --------
  FLASH                 00000000   00040000  0000146e  0003eb92  R  X
  SRAM                  20000000   00008000  0000024f  00007db1  RW X


SEGMENT ALLOCATION MAP

run origin  load origin   length   init length attrs members
----------  ----------- ---------- ----------- ----- -------
00000000    00000000    00001470   00001470    r-x
  00000000    00000000    0000026c   0000026c    r-- .intvecs
  0000026c    0000026c    000011a2   000011a2    r-x .text
  00001410    00001410    00000060   00000060    r-- .cinit
20000000    20000000    00000251   00000000    rw-
  20000000    20000000    00000200   00000000    rw- .stack
  20000200    20000200    00000046   00000000    rw- .data
  20000248    20000248    00000009   00000000    rw- .bss


SECTION ALLOCATION MAP

 output                                  attributes/
section   page    origin      length       input sections
--------  ----  ----------  ----------   ----------------
.intvecs   0    00000000    0000026c     
                  00000000    0000026c     tm4c123gh6pm_startup_ccs.obj (.intvecs)

.text      0    0000026c    000011a2     
                  0000026c    0000061a     LCD_Program.obj (.text)
                  00000886    00000002     rtsv7M4_T_le_v4SPD16_eabi.lib : div0.asm.obj (.text)
                  00000888    00000468     GPIO_Program.obj (.text)
                  00000cf0    000001e8     GPTM.obj (.text)
                  00000ed8    00000136     rtsv7M4_T_le_v4SPD16_eabi.lib : fd_div_t2.asm.obj (.text)
                  0000100e    0000009c                                   : memcpy_t2.asm.obj (.text)
                  000010aa    00000096                                   : ull_div_t2.asm.obj (.text)
                  00001140    0000007a                                   : memset_t2.asm.obj (.text)
                  000011ba    0000006e                                   : fd_tos_t2.asm.obj (.text)
                  00001228    0000006e                                   : ll_div_t2.asm.obj (.text)
                  00001296    00000068                                   : copy_decompress_lzss.c.obj (.text:decompress:lzss:__TI_decompress_lzss)
                  000012fe    00000002     --HOLE-- [fill = 0]
                  00001300    00000044                                   : autoinit.c.obj (.text:__TI_auto_init_nobinit_nopinit:__TI_auto_init_nobinit_nopinit)
                  00001344    00000038     main.obj (.text)
                  0000137c    00000034     rtsv7M4_T_le_v4SPD16_eabi.lib : boot_cortex_m.c.obj (.text:_c_int00_noargs:_c_int00_noargs)
                  000013b0    00000020                                   : u_tofd_t2.asm.obj (.text)
                  000013d0    0000001c                                   : copy_zero_init.c.obj (.text:decompress:ZI:__TI_zero_init_nomemset:__TI_zero_init_nomemset)
                  000013ec    0000000e                                   : copy_decompress_none.c.obj (.text:decompress:none:__TI_decompress_none)
                  000013fa    0000000c     tm4c123gh6pm_startup_ccs.obj (.text)
                  00001406    00000004     rtsv7M4_T_le_v4SPD16_eabi.lib : pre_init.c.obj (.text:_system_pre_init)
                  0000140a    00000004                                   : exit.c.obj (.text:abort:abort)

.cinit     0    00001410    00000060     
                  00001410    0000003a     (.cinit..data.load) [load image, compression = lzss]
                  0000144a    00000002     --HOLE-- [fill = 0]
                  0000144c    0000000c     (__TI_handler_table)
                  00001458    00000008     (.cinit..bss.load) [load image, compression = zero_init]
                  00001460    00000010     (__TI_cinit_table)

.init_array 
*          0    00000000    00000000     UNINITIALIZED

.data      0    20000200    00000046     UNINITIALIZED
                  20000200    00000024     main.obj (.data:LCD_Con)
                  20000224    00000018     GPIO_Program.obj (.data:GPIO_Arr)
                  2000023c    00000008     GPTM.obj (.data)
                  20000244    00000002     main.obj (.data)

.bss       0    20000248    00000009     UNINITIALIZED
                  20000248    00000008     GPTM.obj (.bss)
                  20000250    00000001     (.common:distance)

.stack     0    20000000    00000200     UNINITIALIZED
                  20000000    00000004     rtsv7M4_T_le_v4SPD16_eabi.lib : boot_cortex_m.c.obj (.stack)
                  20000004    000001fc     --HOLE--

__llvm_prf_cnts 
*          0    20000000    00000000     UNINITIALIZED

MODULE SUMMARY

       Module                         code   ro data   rw data
       ------                         ----   -------   -------
    .\
       tm4c123gh6pm_startup_ccs.obj   12     620       0      
       main.obj                       56     0         38     
    +--+------------------------------+------+---------+---------+
       Total:                         68     620       38     
                                                              
    .\HAL\
       LCD_Program.obj                1562   0         0      
    +--+------------------------------+------+---------+---------+
       Total:                         1562   0         0      
                                                              
    .\MCAL\
       GPIO_Program.obj               1128   0         24     
       GPTM.obj                       488    0         17     
    +--+------------------------------+------+---------+---------+
       Total:                         1616   0         41     
                                                              
    C:\ti\ccs1230\ccs\tools\compiler\ti-cgt-arm_20.2.7.LTS\lib\rtsv7M4_T_le_v4SPD16_eabi.lib
       fd_div_t2.asm.obj              310    0         0      
       memcpy_t2.asm.obj              156    0         0      
       ull_div_t2.asm.obj             150    0         0      
       memset_t2.asm.obj              122    0         0      
       fd_tos_t2.asm.obj              110    0         0      
       ll_div_t2.asm.obj              110    0         0      
       copy_decompress_lzss.c.obj     104    0         0      
       autoinit.c.obj                 68     0         0      
       boot_cortex_m.c.obj            52     0         0      
       u_tofd_t2.asm.obj              32     0         0      
       copy_zero_init.c.obj           28     0         0      
       copy_decompress_none.c.obj     14     0         0      
       exit.c.obj                     4      0         0      
       pre_init.c.obj                 4      0         0      
       div0.asm.obj                   2      0         0      
    +--+------------------------------+------+---------+---------+
       Total:                         1266   0         0      
                                                              
       Stack:                         0      0         512    
       Linker Generated:              0      94        0      
    +--+------------------------------+------+---------+---------+
       Grand Total:                   4512   714       591    


LINKER GENERATED COPY TABLES

__TI_cinit_table @ 00001460 records: 2, size/record: 8, table size: 16
	.data: load addr=00001410, load size=0000003a bytes, run addr=20000200, run size=00000046 bytes, compression=lzss
	.bss: load addr=00001458, load size=00000008 bytes, run addr=20000248, run size=00000009 bytes, compression=zero_init


LINKER GENERATED HANDLER TABLE

__TI_handler_table @ 0000144c records: 3, size/record: 4, table size: 12
	index: 0, handler: __TI_decompress_lzss
	index: 1, handler: __TI_decompress_none
	index: 2, handler: __TI_zero_init


GLOBAL SYMBOLS: SORTED ALPHABETICALLY BY Name 

address   name                          
-------   ----                          
20000244  App_XPosition                 
20000245  App_YPosition                 
0000140b  C$$EXIT                       
00000c3d  GPIO_GetPinValue              
00000ca5  GPIO_GetPortValue             
00000889  GPIO_Init                     
00000b93  GPIO_SetPinValue              
00000bed  GPIO_SetPortValue             
00000e39  GPTM_delay_ms                 
00000dff  GPTM_delay_us                 
00000dd9  GPTM_oneShot_init             
000006d1  LCD_Clear                     
20000200  LCD_Con                       
00000811  LCD_GoToXY                    
000003cb  LCD_Init                      
00000613  LCD_SendChar                  
00000689  LCD_SendString                
00000715  LCD_WriteNumber               
000013fb  ResetISR                      
00000d53  Timer_ipEdgeTimeCaptureHandler
00000cf1  Timer_ipEdgeTimeCaptureInit   
20000200  __STACK_END                   
00000200  __STACK_SIZE                  
20000200  __STACK_TOP                   
00001460  __TI_CINIT_Base               
00001470  __TI_CINIT_Limit              
0000144c  __TI_Handler_Table_Base       
00001458  __TI_Handler_Table_Limit      
00001301  __TI_auto_init_nobinit_nopinit
00001297  __TI_decompress_lzss          
000013ed  __TI_decompress_none          
ffffffff  __TI_pprof_out_hndl           
ffffffff  __TI_prof_data_size           
ffffffff  __TI_prof_data_start          
00000000  __TI_static_base__            
000013d1  __TI_zero_init_nomemset       
000011bb  __aeabi_d2f                   
00000ed9  __aeabi_ddiv                  
00000887  __aeabi_idiv0                 
00000887  __aeabi_ldiv0                 
00001229  __aeabi_ldivmod               
00001141  __aeabi_memclr                
00001141  __aeabi_memclr4               
00001141  __aeabi_memclr8               
0000100f  __aeabi_memcpy                
0000100f  __aeabi_memcpy4               
0000100f  __aeabi_memcpy8               
00001143  __aeabi_memset                
00001143  __aeabi_memset4               
00001143  __aeabi_memset8               
000013b1  __aeabi_ui2d                  
000010ab  __aeabi_uldivmod              
ffffffff  __binit__                     
ffffffff  __c_args__                    
UNDEFED   __mpu_init                    
20000000  __stack                       
20000000  __start___llvm_prf_cnts       
20000000  __stop___llvm_prf_cnts        
0000137d  _c_int00_noargs               
0000026d  _delay_ms                     
UNDEFED   _system_post_cinit            
00001407  _system_pre_init              
0000140b  abort                         
ffffffff  binit                         
20000250  distance                      
2000023c  g_intEdge                     
00000000  g_pfnVectors                  
00001345  main                          
0000100f  memcpy                        
00001149  memset                        
20000240  total_time                    


GLOBAL SYMBOLS: SORTED BY Symbol Address 

address   name                          
-------   ----                          
00000000  __TI_static_base__            
00000000  g_pfnVectors                  
00000200  __STACK_SIZE                  
0000026d  _delay_ms                     
000003cb  LCD_Init                      
00000613  LCD_SendChar                  
00000689  LCD_SendString                
000006d1  LCD_Clear                     
00000715  LCD_WriteNumber               
00000811  LCD_GoToXY                    
00000887  __aeabi_idiv0                 
00000887  __aeabi_ldiv0                 
00000889  GPIO_Init                     
00000b93  GPIO_SetPinValue              
00000bed  GPIO_SetPortValue             
00000c3d  GPIO_GetPinValue              
00000ca5  GPIO_GetPortValue             
00000cf1  Timer_ipEdgeTimeCaptureInit   
00000d53  Timer_ipEdgeTimeCaptureHandler
00000dd9  GPTM_oneShot_init             
00000dff  GPTM_delay_us                 
00000e39  GPTM_delay_ms                 
00000ed9  __aeabi_ddiv                  
0000100f  __aeabi_memcpy                
0000100f  __aeabi_memcpy4               
0000100f  __aeabi_memcpy8               
0000100f  memcpy                        
000010ab  __aeabi_uldivmod              
00001141  __aeabi_memclr                
00001141  __aeabi_memclr4               
00001141  __aeabi_memclr8               
00001143  __aeabi_memset                
00001143  __aeabi_memset4               
00001143  __aeabi_memset8               
00001149  memset                        
000011bb  __aeabi_d2f                   
00001229  __aeabi_ldivmod               
00001297  __TI_decompress_lzss          
00001301  __TI_auto_init_nobinit_nopinit
00001345  main                          
0000137d  _c_int00_noargs               
000013b1  __aeabi_ui2d                  
000013d1  __TI_zero_init_nomemset       
000013ed  __TI_decompress_none          
000013fb  ResetISR                      
00001407  _system_pre_init              
0000140b  C$$EXIT                       
0000140b  abort                         
0000144c  __TI_Handler_Table_Base       
00001458  __TI_Handler_Table_Limit      
00001460  __TI_CINIT_Base               
00001470  __TI_CINIT_Limit              
20000000  __stack                       
20000000  __start___llvm_prf_cnts       
20000000  __stop___llvm_prf_cnts        
20000200  LCD_Con                       
20000200  __STACK_END                   
20000200  __STACK_TOP                   
2000023c  g_intEdge                     
20000240  total_time                    
20000244  App_XPosition                 
20000245  App_YPosition                 
20000250  distance                      
ffffffff  __TI_pprof_out_hndl           
ffffffff  __TI_prof_data_size           
ffffffff  __TI_prof_data_start          
ffffffff  __binit__                     
ffffffff  __c_args__                    
ffffffff  binit                         
UNDEFED   __mpu_init                    
UNDEFED   _system_post_cinit            

[71 symbols]
